*** Output for zero argument ***
Too few arguments to function user_printf(), 0 passed in /Volumes/WebServer/Projects/php.fprint/tests/files/printf_64bit.php on line 21 and exactly 1 expected

*** Output for insufficient number of arguments ***

Warning: Undefined variable $args in /Volumes/WebServer/Projects/php.fprint/functions.php on line 29

Fatal error: Uncaught TypeError: user_vprintf(): Argument #2 ($values) must be of type array, null given, called in /Volumes/WebServer/Projects/php.fprint/functions.php on line 29 and defined in /Volumes/WebServer/Projects/php.fprint/functions.php:22
Stack trace:
#0 /Volumes/WebServer/Projects/php.fprint/functions.php(29): user_vprintf('%d dingy%sflem%...', NULL)
#1 /Volumes/WebServer/Projects/php.fprint/tests/files/printf_64bit.php(32): user_printf('%d dingy%sflem%...', 5, 'voudras')
#2 {main}
  thrown in /Volumes/WebServer/Projects/php.fprint/functions.php on line 22