*** Testing sprintf() : with unexpected values for format argument ***

-- Iteration 1 --
string(1) "0"
string(1) "0"
string(1) "0"

-- Iteration 2 --
string(1) "1"
string(1) "1"
string(1) "1"

-- Iteration 3 --
string(5) "12345"
string(5) "12345"
string(5) "12345"

-- Iteration 4 --
string(5) "-2345"
string(5) "-2345"
string(5) "-2345"

-- Iteration 5 --
string(4) "10.5"
string(4) "10.5"
string(4) "10.5"

-- Iteration 6 --
string(5) "-10.5"
string(5) "-10.5"
string(5) "-10.5"

-- Iteration 7 --
string(12) "101234567000"
string(12) "101234567000"
string(12) "101234567000"

-- Iteration 8 --
string(13) "1.07654321E-9"
string(13) "1.07654321E-9"
string(13) "1.07654321E-9"

-- Iteration 9 --
string(3) "0.5"
string(3) "0.5"
string(3) "0.5"

-- Iteration 10 --
user_sprintf(): Argument #1 ($format) must be of type string, array given, called in /Volumes/WebServer/Projects/php.fprint/tests/files/sprintf_variation1.php on line 71
user_sprintf(): Argument #1 ($format) must be of type string, array given, called in /Volumes/WebServer/Projects/php.fprint/tests/files/sprintf_variation1.php on line 78
user_sprintf(): Argument #1 ($format) must be of type string, array given, called in /Volumes/WebServer/Projects/php.fprint/tests/files/sprintf_variation1.php on line 85

-- Iteration 11 --
user_sprintf(): Argument #1 ($format) must be of type string, array given, called in /Volumes/WebServer/Projects/php.fprint/tests/files/sprintf_variation1.php on line 71
user_sprintf(): Argument #1 ($format) must be of type string, array given, called in /Volumes/WebServer/Projects/php.fprint/tests/files/sprintf_variation1.php on line 78
user_sprintf(): Argument #1 ($format) must be of type string, array given, called in /Volumes/WebServer/Projects/php.fprint/tests/files/sprintf_variation1.php on line 85

-- Iteration 12 --
user_sprintf(): Argument #1 ($format) must be of type string, array given, called in /Volumes/WebServer/Projects/php.fprint/tests/files/sprintf_variation1.php on line 71
user_sprintf(): Argument #1 ($format) must be of type string, array given, called in /Volumes/WebServer/Projects/php.fprint/tests/files/sprintf_variation1.php on line 78
user_sprintf(): Argument #1 ($format) must be of type string, array given, called in /Volumes/WebServer/Projects/php.fprint/tests/files/sprintf_variation1.php on line 85

-- Iteration 13 --
user_sprintf(): Argument #1 ($format) must be of type string, array given, called in /Volumes/WebServer/Projects/php.fprint/tests/files/sprintf_variation1.php on line 71
user_sprintf(): Argument #1 ($format) must be of type string, array given, called in /Volumes/WebServer/Projects/php.fprint/tests/files/sprintf_variation1.php on line 78
user_sprintf(): Argument #1 ($format) must be of type string, array given, called in /Volumes/WebServer/Projects/php.fprint/tests/files/sprintf_variation1.php on line 85

-- Iteration 14 --
user_sprintf(): Argument #1 ($format) must be of type string, array given, called in /Volumes/WebServer/Projects/php.fprint/tests/files/sprintf_variation1.php on line 71
user_sprintf(): Argument #1 ($format) must be of type string, array given, called in /Volumes/WebServer/Projects/php.fprint/tests/files/sprintf_variation1.php on line 78
user_sprintf(): Argument #1 ($format) must be of type string, array given, called in /Volumes/WebServer/Projects/php.fprint/tests/files/sprintf_variation1.php on line 85

-- Iteration 15 --
string(1) "1"
string(1) "1"
string(1) "1"

-- Iteration 16 --
string(0) ""
string(0) ""
string(0) ""

-- Iteration 17 --
string(1) "1"
string(1) "1"
string(1) "1"

-- Iteration 18 --
string(0) ""
string(0) ""
string(0) ""

-- Iteration 19 --
string(0) ""
string(0) ""
string(0) ""

-- Iteration 20 --
string(0) ""
string(0) ""
string(0) ""

-- Iteration 21 --
string(6) "Object"
string(6) "Object"
string(6) "Object"

-- Iteration 22 --
user_sprintf(): Argument #1 ($format) must be of type string, resource given, called in /Volumes/WebServer/Projects/php.fprint/tests/files/sprintf_variation1.php on line 71
user_sprintf(): Argument #1 ($format) must be of type string, resource given, called in /Volumes/WebServer/Projects/php.fprint/tests/files/sprintf_variation1.php on line 78
user_sprintf(): Argument #1 ($format) must be of type string, resource given, called in /Volumes/WebServer/Projects/php.fprint/tests/files/sprintf_variation1.php on line 85
Done